
Running 33 tests using 2 workers

  ✓   2 [editing] › test/editing/architecture-canvas.spec.mjs:98:1 › changes remain in the draft until the save button writes them to Markdown (612ms)
  ✓   3 [editing] › test/editing/architecture-canvas.spec.mjs:118:1 › connector label overlap can be placed in front of or behind boxes (576ms)
  ✓   4 [editing] › test/editing/architecture-canvas.spec.mjs:151:1 › connector line-style presets preserve the Architecture v1 dash contract (501ms)
  ✓   5 [editing] › test/editing/architecture-canvas.spec.mjs:174:1 › selection, keyboard movement, resizing, and undo/redo share one draft (743ms)
  ✓   6 [editing] › test/editing/architecture-canvas.spec.mjs:207:1 › the shape palette stays bounded and adds PowerPoint-compatible shapes (476ms)
  ✓   7 [editing] › test/editing/architecture-canvas.spec.mjs:231:1 › an empty diagram offers a direct first-shape action (427ms)
  ✓   8 [editing] › test/editing/architecture-canvas.spec.mjs:249:1 › toolbar-added shapes avoid occupied siblings (543ms)
  ✓   9 [editing] › test/editing/architecture-canvas.spec.mjs:272:1 › medium and narrow layouts expose Elements and Properties as responsive drawers (1.0s)
  ✓  10 [editing] › test/editing/architecture-canvas.spec.mjs:356:1 › breakpoint changes preserve the focused panel without stale Escape handling (533ms)
  ✓  11 [editing] › test/editing/architecture-canvas.spec.mjs:388:1 › move and resize gestures show live transforms before committing (566ms)
  ✓  12 [editing] › test/editing/architecture-canvas.spec.mjs:431:1 › large diagrams scroll and pan to the edges, then fit centered in the viewport (1.1s)
  ✓   1 [visual] › test/visual/scene-svg.spec.mjs:29:3 › shared backend displays both producers and faithful fallback in dark (7.8s)
  ✓  13 [editing] › test/editing/architecture-canvas.spec.mjs:508:1 › adding connectors and deleting nodes preserves reference integrity (720ms)
  ✓  15 [editing] › test/editing/architecture-canvas.spec.mjs:525:1 › the asset picker edits standalone images and node icons (1.1s)
  ✓  16 [editing] › test/editing/architecture-canvas.spec.mjs:575:1 › importing an image from the computer numbers duplicate names and diagram undo keeps the asset (684ms)
  ✓  17 [editing] › test/editing/architecture-canvas.spec.mjs:609:1 › external-change conflicts remain visible without overwriting Markdown (763ms)
  ✓  18 [editing] › test/editing/architecture-canvas.spec.mjs:635:1 › editing can continue with the current revision after reloading an unsaved draft (801ms)
  ✓  19 [editing] › test/editing/architecture-canvas.spec.mjs:653:1 › reloading source Markdown does not carry over a draft from the old generation (603ms)
  ✓  20 [editing] › test/editing/architecture-canvas.spec.mjs:673:1 › a delayed stale state response does not roll back the generation after reload (1.0s)
  ✓  21 [editing] › test/editing/architecture-canvas.spec.mjs:694:1 › edits made during save remain dirty instead of being marked saved (1.7s)
  ✓  14 [visual] › test/visual/scene-svg.spec.mjs:29:3 › shared backend displays both producers and faithful fallback in light (7.2s)
  ✓  22 [editing] › test/editing/architecture-canvas.spec.mjs:720:1 › save server communication failures appear in the UI (517ms)
  ✓  24 [editing] › test/editing/architecture-canvas.spec.mjs:735:1 › context menus on the canvas and element tree expose target-specific edit actions (733ms)
  ✓  25 [editing] › test/editing/architecture-canvas.spec.mjs:759:1 › adds at a blank-area context-menu position and converts to parent-relative coordinates in groups (495ms)
  ✓  26 [editing] › test/editing/architecture-canvas.spec.mjs:787:1 › context menus support ordering, connector duplication, undo, and save (1.0s)
  ✓  27 [editing] › test/editing/architecture-canvas.spec.mjs:820:1 › blank space in the element tree adds near the visible canvas without overlap (421ms)
  ✓  28 [editing] › test/editing/architecture-canvas.spec.mjs:847:1 › layout actions appear only in the group context submenu (1.3s)
  ✓  29 [editing] › test/editing/architecture-canvas.spec.mjs:952:1 › group layout submenu supports left/right arrows and Escape returns focus to the target (566ms)
  ✓  30 [editing] › test/editing/architecture-canvas.spec.mjs:1022:1 › keyboard controls the context menu and closing returns focus to the target (381ms)
  ✓  31 [editing] › test/editing/architecture-canvas.spec.mjs:1051:1 › Ctrl+S while editing an inspector field commits and saves the change (546ms)
  ✓  23 [visual] › test/visual/scene-svg.spec.mjs:29:3 › shared backend displays both producers and faithful fallback in microsoft (7.4s)
  ✓  32 [visual] › test/visual/scene-svg.spec.mjs:69:1 › normal, presenter, fixed preview, PNG and PDF use the same shared scene rendering (9.4s)
  ✓  33 [visual] › test/visual/scene-svg.spec.mjs:112:1 › safe Mermaid primitive capture retains curves, HTML labels and unknown visuals without executable DOM (698ms)
::notice title=🎭 Playwright Run Summary::  33 passed (33.7s)

  33 passed (33.7s)
