TAP version 13
# Subtest: normalizes imported filenames to the Architecture asset contract
ok 1 - normalizes imported filenames to the Architecture asset contract
  ---
  duration_ms: 4.251629
  type: 'test'
  ...
# Subtest: imports supported images without overwriting collisions and lists nested assets
ok 2 - imports supported images without overwriting collisions and lists nested assets
  ---
  duration_ms: 39.600375
  type: 'test'
  ...
# Subtest: validates content type, signature, size, and supported extensions
ok 3 - validates content type, signature, size, and supported extensions
  ---
  duration_ms: 12.671341
  type: 'test'
  ...
# Subtest: returns an empty library when assets is absent
ok 4 - returns an empty library when assets is absent
  ---
  duration_ms: 1.66232
  type: 'test'
  ...
# Subtest: lists Markdown-adjacent assets before workspace assets and removes shadowed paths
ok 5 - lists Markdown-adjacent assets before workspace assets and removes shadowed paths
  ---
  duration_ms: 7.789134
  type: 'test'
  ...
# Subtest: rejects an assets junction that leaves the workspace
ok 6 - rejects an assets junction that leaves the workspace
  ---
  duration_ms: 3.322177
  type: 'test'
  ...
# Subtest: maps a representative Architecture snapshot to scene nodes
ok 7 - maps a representative Architecture snapshot to scene nodes
  ---
  duration_ms: 16.86395
  type: 'test'
  ...
# Subtest: nested group geometry is preserved as absolute scene coordinates
ok 8 - nested group geometry is preserved as absolute scene coordinates
  ---
  duration_ms: 1.463642
  type: 'test'
  ...
# Subtest: applies injected color resolution before scene validation
ok 9 - applies injected color resolution before scene validation
  ---
  duration_ms: 0.954358
  type: 'test'
  ...
# Subtest: snapshot fallbacks become scene fallbacks with reasons preserved
ok 10 - snapshot fallbacks become scene fallbacks with reasons preserved
  ---
  duration_ms: 1.670857
  type: 'test'
  ...
# Subtest: connectors keep points, arrows, dash, and label shapes
ok 11 - connectors keep points, arrows, dash, and label shapes
  ---
  duration_ms: 2.75232
  type: 'test'
  ...
# Subtest: icons and images route through the injected image resolver
ok 12 - icons and images route through the injected image resolver
  ---
  duration_ms: 1.397319
  type: 'test'
  ...
# Subtest: scene PowerPoint elements are accepted by the package writer
ok 13 - scene PowerPoint elements are accepted by the package writer
  ---
  duration_ms: 13.155728
  type: 'test'
  ...
# Subtest: parses nested groups, theme tokens, connectors, and stable z-order
ok 14 - parses nested groups, theme tokens, connectors, and stable z-order
  ---
  duration_ms: 7.719855
  type: 'test'
  ...
# Subtest: treats an empty fenced body as an empty architecture diagram
ok 15 - treats an empty fenced body as an empty architecture diagram
  ---
  duration_ms: 2.607422
  type: 'test'
  ...
# Subtest: renders additive PowerPoint-compatible node shapes as native SVG geometry
ok 16 - renders additive PowerPoint-compatible node shapes as native SVG geometry
  ---
  duration_ms: 7.681344
  type: 'test'
  ...
# Subtest: maps Architecture dash patterns to PowerPoint solid, dotted, and dashed presets
ok 17 - maps Architecture dash patterns to PowerPoint solid, dotted, and dashed presets
  ---
  duration_ms: 0.24805
  type: 'test'
  ...
# Subtest: rejects malformed JSON, unknown references, unsafe colors, and unsupported fields
ok 18 - rejects malformed JSON, unknown references, unsafe colors, and unsupported fields
  ---
  duration_ms: 4.120716
  type: 'test'
  ...
# Subtest: builds only allowlisted SVG DOM and keeps DSL text inert
ok 19 - builds only allowlisted SVG DOM and keeps DSL text inert
  ---
  duration_ms: 11.945646
  type: 'test'
  ...
# Subtest: renders an explicit in-place error without throwing
ok 20 - renders an explicit in-place error without throwing
  ---
  duration_ms: 0.36718
  type: 'test'
  ...
# Subtest: the mixed Mermaid and architecture fixture contains a renderable DSL block
ok 21 - the mixed Mermaid and architecture fixture contains a renderable DSL block
  ---
  duration_ms: 205.050732
  type: 'test'
  ...
# Subtest: row, column, and grid layouts place and size children inside their groups
ok 22 - row, column, and grid layouts place and size children inside their groups
  ---
  duration_ms: 0.960289
  type: 'test'
  ...
# Subtest: cardinal ports, lane allocation, and obstacle-aware orthogonal routing are stable
ok 23 - cardinal ports, lane allocation, and obstacle-aware orthogonal routing are stable
  ---
  duration_ms: 1.022475
  type: 'test'
  ...
# Subtest: short facing orthogonal ports do not overshoot and backtrack
ok 24 - short facing orthogonal ports do not overshoot and backtrack
  ---
  duration_ms: 0.49648
  type: 'test'
  ...
# Subtest: narrow facing ports retain an 8px visible span when possible
ok 25 - narrow facing ports retain an 8px visible span when possible
  ---
  duration_ms: 2.523517
  type: 'test'
  ...
# Subtest: automatic routes approach both requested ports in the required direction
ok 26 - automatic routes approach both requested ports in the required direction
  ---
  duration_ms: 2.724286
  type: 'test'
  ...
# Subtest: stub fitting preserves a corridor between offset facing ports
ok 27 - stub fitting preserves a corridor between offset facing ports
  ---
  duration_ms: 0.955771
  type: 'test'
  ...
# Subtest: touching facing nodes report invalid endpoint geometry
ok 28 - touching facing nodes report invalid endpoint geometry
  ---
  duration_ms: 1.211655
  type: 'test'
  ...
# Subtest: invalid endpoint fallback never renders an immediate reversal
ok 29 - invalid endpoint fallback never renders an immediate reversal
  ---
  duration_ms: 2.427158
  type: 'test'
  ...
# Subtest: near-aligned facing ports stay within their forward span
ok 30 - near-aligned facing ports stay within their forward span
  ---
  duration_ms: 0.476784
  type: 'test'
  ...
# Subtest: explicit polyline routing preserves its endpoint stubs
ok 31 - explicit polyline routing preserves its endpoint stubs
  ---
  duration_ms: 0.479698
  type: 'test'
  ...
# Subtest: zero-length stubs never send a route backward through its endpoint
ok 32 - zero-length stubs never send a route backward through its endpoint
  ---
  duration_ms: 1.627275
  type: 'test'
  ...
# Subtest: grid fallback keeps connector endpoints excluded from obstacles
ok 33 - grid fallback keeps connector endpoints excluded from obstacles
  ---
  duration_ms: 0.97682
  type: 'test'
  ...
# Subtest: the slides.md dense sample has no spurs or excessive detours
ok 34 - the slides.md dense sample has no spurs or excessive detours
  ---
  duration_ms: 132.480397
  type: 'test'
  ...
# Subtest: planned routes stay within the standalone detour limit
ok 35 - planned routes stay within the standalone detour limit
  ---
  duration_ms: 89.672329
  type: 'test'
  ...
# Subtest: backtrack replacement obeys the standalone detour limit during refinement
ok 36 - backtrack replacement obeys the standalone detour limit during refinement
  ---
  duration_ms: 16.591375
  type: 'test'
  ...
# Subtest: hidden-content filtering never leaves a backtracking route
ok 37 - hidden-content filtering never leaves a backtracking route
  ---
  duration_ms: 6.185612
  type: 'test'
  ...
# Subtest: orthogonal routing avoids occupied diagonal connectors
ok 38 - orthogonal routing avoids occupied diagonal connectors
  ---
  duration_ms: 1.29538
  type: 'test'
  ...
# Subtest: mixed-port orthogonal routes preserve source and target directions
ok 39 - mixed-port orthogonal routes preserve source and target directions
  ---
  duration_ms: 0.768624
  type: 'test'
  ...
# Subtest: renders only built-in primitive icons and exposes semantic accessibility labels
ok 40 - renders only built-in primitive icons and exposes semantic accessibility labels
  ---
  duration_ms: 2.89265
  type: 'test'
  ...
# Subtest: built-in icons inherit the theme text colour instead of hard-coding one
ok 41 - built-in icons inherit the theme text colour instead of hard-coding one
  ---
  duration_ms: 5.511884
  type: 'test'
  ...
# Subtest: every theme keeps built-in icon strokes legible against the slide surface
ok 42 - every theme keeps built-in icon strokes legible against the slide surface
  ---
  duration_ms: 4.191267
  type: 'test'
  ...
# Subtest: user-supplied icons render as a sandboxed same-origin image reference
ok 43 - user-supplied icons render as a sandboxed same-origin image reference
  ---
  duration_ms: 3.241867
  type: 'test'
  ...
# Subtest: asset references follow a nested loopback renderer base path
ok 44 - asset references follow a nested loopback renderer base path
  ---
  duration_ms: 0.941014
  type: 'test'
  ...
# Subtest: standalone images support safe fit modes, accessibility, layout, and connectors
ok 45 - standalone images support safe fit modes, accessibility, layout, and connectors
  ---
  duration_ms: 4.169336
  type: 'test'
  ...
# Subtest: standalone images reject unsafe sources and unknown fit modes
ok 46 - standalone images reject unsafe sources and unknown fit modes
  ---
  duration_ms: 1.621445
  type: 'test'
  ...
# Subtest: rejects icon references that leave the assets folder or name a remote resource
ok 47 - rejects icon references that leave the assets folder or name a remote resource
  ---
  duration_ms: 2.192363
  type: 'test'
  ...
# Subtest: fits connector labels inside a bounded Unicode-aware background
ok 48 - fits connector labels inside a bounded Unicode-aware background
  ---
  duration_ms: 2.792555
  type: 'test'
  ...
# Subtest: connector labels default in front of boxes and can retain the connector z-order
ok 49 - connector labels default in front of boxes and can retain the connector z-order
  ---
  duration_ms: 1.347617
  type: 'test'
  ...
# Subtest: rejects unsupported connector label layers
ok 50 - rejects unsupported connector label layers
  ---
  duration_ms: 0.3566
  type: 'test'
  ...
# Subtest: connector accessible names use the visible labels of both endpoints
ok 51 - connector accessible names use the visible labels of both endpoints
  ---
  duration_ms: 1.471767
  type: 'test'
  ...
# Subtest: enforces DSL version, icon allowlist, nested JSON paths, and resource limits
ok 52 - enforces DSL version, icon allowlist, nested JSON paths, and resource limits
  ---
  duration_ms: 5.098258
  type: 'test'
  ...
# Subtest: accepts a root $schema reference and keeps it out of the model
ok 53 - accepts a root $schema reference and keeps it out of the model
  ---
  duration_ms: 0.349177
  type: 'test'
  ...
# Subtest: diagnostics pair every problem with remediation guidance
ok 54 - diagnostics pair every problem with remediation guidance
  ---
  duration_ms: 1.030439
  type: 'test'
  ...
# Subtest: semantic snapshot contains deterministic geometry only
ok 55 - semantic snapshot contains deterministic geometry only
  ---
  duration_ms: 0.385214
  type: 'test'
  ...
# Subtest: automatic lanes reserve explicit lanes and resolve equivalent auto ports
ok 56 - automatic lanes reserve explicit lanes and resolve equivalent auto ports
  ---
  duration_ms: 0.239944
  type: 'test'
  ...
# Subtest: shared endpoint offsets remain unique when fixed lane spacing would clamp
ok 57 - shared endpoint offsets remain unique when fixed lane spacing would clamp
  ---
  duration_ms: 0.903865
  type: 'test'
  ...
# Subtest: dense diagrams stay within the routing work budget
ok 58 - dense diagrams stay within the routing work budget
  ---
  duration_ms: 54.636996
  type: 'test'
  ...
# Subtest: dense 9-node diagrams route around every node without manual polylines
ok 59 - dense 9-node diagrams route around every node without manual polylines
  ---
  duration_ms: 494.39683
  type: 'test'
  ...
# Subtest: dense 12-node diagrams never route a path through an unrelated node
ok 60 - dense 12-node diagrams never route a path through an unrelated node
  ---
  duration_ms: 874.22108
  type: 'test'
  ...
# Subtest: unavoidable label collisions are reported rather than silently drawn
ok 61 - unavoidable label collisions are reported rather than silently drawn
  ---
  duration_ms: 1.263481
  type: 'test'
  ...
# Subtest: global refinement lowers crossings below the greedy-only result
ok 62 - global refinement lowers crossings below the greedy-only result
  ---
  duration_ms: 961.613644
  type: 'test'
  ...
# Subtest: refinement never trades a crossing away for label placement
ok 63 - refinement never trades a crossing away for label placement
  ---
  duration_ms: 329.735719
  type: 'test'
  ...
# Subtest: routing avoids parking a connector label on top of an unrelated node
ok 64 - routing avoids parking a connector label on top of an unrelated node
  ---
  duration_ms: 0.754157
  type: 'test'
  ...
# Subtest: label area cost buys a crossing to stop a label from hiding a node
ok 65 - label area cost buys a crossing to stop a label from hiding a node
  ---
  duration_ms: 267.488207
  type: 'test'
  ...
# Subtest: routing budget exhaustion is reported instead of silently drawing through nodes
ok 66 - routing budget exhaustion is reported instead of silently drawing through nodes
  ---
  duration_ms: 2.910744
  type: 'test'
  ...
# Subtest: degraded routing surfaces a non-fatal warning in the rendered diagram
ok 67 - degraded routing surfaces a non-fatal warning in the rendered diagram
  ---
  duration_ms: 8.884243
  type: 'test'
  ...
# Subtest: clean diagrams emit no routing warning at all
ok 68 - clean diagrams emit no routing warning at all
  ---
  duration_ms: 2.183946
  type: 'test'
  ...
# Subtest: routing is deterministic: the same source renders identical markup twice
ok 69 - routing is deterministic: the same source renders identical markup twice
  ---
  duration_ms: 3208.060592
  type: 'test'
  ...
# Subtest: connector declaration order does not depend on object identity across parses
ok 70 - connector declaration order does not depend on object identity across parses
  ---
  duration_ms: 2164.006734
  type: 'test'
  ...
# Subtest: layered layout stacks children by connector depth
ok 71 - layered layout stacks children by connector depth
  ---
  duration_ms: 0.948247
  type: 'test'
  ...
# Subtest: layered layout honours direction right
ok 72 - layered layout honours direction right
  ---
  duration_ms: 0.372921
  type: 'test'
  ...
# Subtest: layered layout breaks cycles deterministically instead of hanging
ok 73 - layered layout breaks cycles deterministically instead of hanging
  ---
  duration_ms: 0.643192
  type: 'test'
  ...
# Subtest: direction is rejected on layouts other than layered
ok 74 - direction is rejected on layouts other than layered
  ---
  duration_ms: 1.039546
  type: 'test'
  ...
# Subtest: unknown layered direction is rejected with the allowed values
ok 75 - unknown layered direction is rejected with the allowed values
  ---
  duration_ms: 0.342845
  type: 'test'
  ...
# Subtest: every architecture diagram shipped in this repository routes without degrading
ok 76 - every architecture diagram shipped in this repository routes without degrading
  ---
  duration_ms: 1144.725668
  type: 'test'
  ...
# Subtest: shipped diagrams stay deterministic across independent parses
ok 77 - shipped diagrams stay deterministic across independent parses
  ---
  duration_ms: 1141.853719
  type: 'test'
  ...
# Subtest: a shipped diagram actually covers the 8-12 node dense case
ok 78 - a shipped diagram actually covers the 8-12 node dense case
  ---
  duration_ms: 536.405955
  type: 'test'
  ...
# Subtest: connector label no longer hides its own line and arrowhead
ok 79 - connector label no longer hides its own line and arrowhead
  ---
  duration_ms: 1.093016
  type: 'test'
  ...
# Subtest: label anchor stays on the midpoint when the line has room
ok 80 - label anchor stays on the midpoint when the line has room
  ---
  duration_ms: 0.379443
  type: 'test'
  ...
# Subtest: label escapes perpendicular to its own segment
ok 81 - label escapes perpendicular to its own segment
  ---
  duration_ms: 0.497612
  type: 'test'
  ...
# Subtest: escaped labels stay inside the canvas near folded edge routes
ok 82 - escaped labels stay inside the canvas near folded edge routes
  ---
  duration_ms: 0.306037
  type: 'test'
  ...
# Subtest: near-edge arrowless labels prefer the escape side that already fits
ok 83 - near-edge arrowless labels prefer the escape side that already fits
  ---
  duration_ms: 0.337596
  type: 'test'
  ...
# Subtest: wide labels try another route axis before clamping over their route
ok 84 - wide labels try another route axis before clamping over their route
  ---
  duration_ms: 0.405661
  type: 'test'
  ...
# Subtest: single-axis routes can move wide labels beyond an endpoint
ok 85 - single-axis routes can move wide labels beyond an endpoint
  ---
  duration_ms: 2.247144
  type: 'test'
  ...
# Subtest: impossible label placement is reported instead of silently hiding the connector
ok 86 - impossible label placement is reported instead of silently hiding the connector
  ---
  duration_ms: 1.413921
  type: 'test'
  ...
# Subtest: escaped labels keep the terminal marker footprint visible
ok 87 - escaped labels keep the terminal marker footprint visible
  ---
  duration_ms: 0.292341
  type: 'test'
  ...
# Subtest: connector labels are capped to the canvas dimensions
ok 88 - connector labels are capped to the canvas dimensions
  ---
  duration_ms: 0.279869
  type: 'test'
  ...
# Subtest: pointAtHalfLength reports a unit direction, including the degenerate span
ok 89 - pointAtHalfLength reports a unit direction, including the degenerate span
  ---
  duration_ms: 1.159138
  type: 'test'
  ...
# Subtest: the rendered label matches the box used for routing
ok 90 - the rendered label matches the box used for routing
  ---
  duration_ms: 2.282921
  type: 'test'
  ...
# Subtest: orthogonal labels never cover their own route across a generated space
ok 91 - orthogonal labels never cover their own route across a generated space
  ---
  duration_ms: 3579.173376
  type: 'test'
  ...
1..91
# tests 91
# suites 0
# pass 91
# fail 0
# cancelled 0
# skipped 0
# todo 0
# duration_ms 15454.130079
